{
  "activity_allowed": true,
  "activity_id": "RA-0DA1C30C5794D50A34B7F18B",
  "authority": {
    "claim": false,
    "mathematical_acceptance": false,
    "review": false,
    "task_registration": false,
    "working_truth": false
  },
  "boundary": "pre-final",
  "canonical_owner_visibility": "VERIFY_CANONICAL_INTAKE_IF_PUBLISHED_ONLY_ON_A_BRANCH",
  "mode": "TASK_RESEARCH",
  "persistence_allowed": true,
  "record_path": "research_activity_records/RA-0DA1C30C5794D50A34B7F18B.json",
  "record_sha256": "d8c112f12c565d1142e5befbd49da4154fe983dfc4e829fda0d9b1098d1f7030",
  "register_command": "python tools/research_activity.py register --session-id <session> --researcher-id <resolved-id> --mode <TASK_RESEARCH|FREE_AXIOM_DISCOVERY>",
  "registration_source": "https://github.com/awdawmip/enterprise-math/blob/1b489efa53a9211eb451fab4be4121559391c587/research_activity_records/RA-0DA1C30C5794D50A34B7F18B.json",
  "registration_visibility": "IMMUTABLE_EM_RECORD_OBSERVED",
  "required_action": "CONTINUE_ACTIVITY",
  "source_links": [
    "https://github.com/awdawmip/enterprise-math/blob/dbbe3da5f02901671c19f2a2bffc7049c8c6c2e3/research_artifacts/R005_Q78553_CATALOGUE_050E43_20260910/CHECKPOINT_02_RUNNING.md",
    "https://github.com/awdawmip/enterprise-math/blob/dbbe3da5f02901671c19f2a2bffc7049c8c6c2e3/research_artifacts/R005_Q78553_CATALOGUE_050E43_20260910/pilot/1e9.json",
    "https://github.com/awdawmip/enterprise-math/blob/dbbe3da5f02901671c19f2a2bffc7049c8c6c2e3/research_artifacts/R005_Q78553_CATALOGUE_050E43_20260910/pilot/independent-validation.json",
    "https://github.com/awdawmip/enterprise-math/blob/002bf990429c483c5061f8909e3e82299494c910/research_result_records/RS-R005-Q78553-EXACT-916-GAP-CATALOG-SEAM-CLOSURE/RR-4C604AB2F135EDA932CB.json",
    "https://github.com/awdawmip/enterprise-math/blob/002bf990429c483c5061f8909e3e82299494c910/research_artifacts/R005_Q78553_CATALOGUE_050E43_20260910/HANDOFF.md",
    "https://github.com/awdawmip/enterprise-math/blob/2b73da21eac990abfd28593de1b552a4c3525f98/research_returns/RS-R005-Q78553-EXACT-916-GAP-CATALOG-SEAM-CLOSURE_050E43_20260910.md",
    "https://github.com/awdawmip/enterprise-math/blob/2b73da21eac990abfd28593de1b552a4c3525f98/research_artifacts/R005_Q78553_CATALOGUE_050E43_20260910/construction_audit.json",
    "https://github.com/awdawmip/enterprise-math/blob/2b73da21eac990abfd28593de1b552a4c3525f98/research_artifacts/R005_Q78553_CATALOGUE_050E43_20260910/catalogue.json"
  ],
  "sync_debt_events": []
}
