{
  "canonical_owner_visibility": "NOT_ESTABLISHED_BY_LOCAL_WRITE",
  "record": {
    "activity_id": "RA-0DA1C30C5794D50A34B7F18B",
    "authority": {
      "claim": false,
      "mathematical_acceptance": false,
      "review": false,
      "task_registration": false,
      "working_truth": false
    },
    "checkpoints": [
      {
        "em_sources": [
          {
            "commit": "dbbe3da5f02901671c19f2a2bffc7049c8c6c2e3",
            "path": "research_artifacts/R005_Q78553_CATALOGUE_050E43_20260910/CHECKPOINT_02_RUNNING.md",
            "publication_state": "EM_SOURCE_OBSERVED",
            "repository": "awdawmip/enterprise-math",
            "sha256": "d845d1db3960759298e3dd003917e945bd37686b6a51ba5a9c9b15b0c89afe28",
            "verification": {
              "call_id": null,
              "git_blob_sha1": "3e7f716d68a6125335170b83b62896e79e080239",
              "immutable_url": "https://github.com/awdawmip/enterprise-math/blob/dbbe3da5f02901671c19f2a2bffc7049c8c6c2e3/research_artifacts/R005_Q78553_CATALOGUE_050E43_20260910/CHECKPOINT_02_RUNNING.md",
              "kind": "OBSERVED_CONNECTOR_STRUCTURE_AND_BYTES_VERIFIED",
              "network_request_by_this_tool": false,
              "observation_id": "local-r005q53-c02-source-0-050E43",
              "server_signature_authenticated": false,
              "tool_name": "github_fetch_file"
            },
            "verification_receipt": "research_activity_records/RA-0DA1C30C5794D50A34B7F18B/readbacks/3db64892bc9358e5c434706a6aadfd34082226f6cf5f936f4ca98117aa1ff403.json",
            "verification_receipt_sha256": "3db64892bc9358e5c434706a6aadfd34082226f6cf5f936f4ca98117aa1ff403"
          },
          {
            "commit": "dbbe3da5f02901671c19f2a2bffc7049c8c6c2e3",
            "path": "research_artifacts/R005_Q78553_CATALOGUE_050E43_20260910/pilot/1e9.json",
            "publication_state": "EM_SOURCE_OBSERVED",
            "repository": "awdawmip/enterprise-math",
            "sha256": "1651042d04c226ba95d9e217f45f0dfcd7e5a6b224aaf77b9d515abeb2c8de81",
            "verification": {
              "call_id": null,
              "git_blob_sha1": "5e4ee548f6a03e154c090a930cf9e28bcc2bd8d2",
              "immutable_url": "https://github.com/awdawmip/enterprise-math/blob/dbbe3da5f02901671c19f2a2bffc7049c8c6c2e3/research_artifacts/R005_Q78553_CATALOGUE_050E43_20260910/pilot/1e9.json",
              "kind": "OBSERVED_CONNECTOR_STRUCTURE_AND_BYTES_VERIFIED",
              "network_request_by_this_tool": false,
              "observation_id": "local-r005q53-c02-source-1-050E43",
              "server_signature_authenticated": false,
              "tool_name": "github_fetch_file"
            },
            "verification_receipt": "research_activity_records/RA-0DA1C30C5794D50A34B7F18B/readbacks/39f4bf07851cd0c244c478d704097580e83865b28819f15897ff66438ee509c1.json",
            "verification_receipt_sha256": "39f4bf07851cd0c244c478d704097580e83865b28819f15897ff66438ee509c1"
          },
          {
            "commit": "dbbe3da5f02901671c19f2a2bffc7049c8c6c2e3",
            "path": "research_artifacts/R005_Q78553_CATALOGUE_050E43_20260910/pilot/independent-validation.json",
            "publication_state": "EM_SOURCE_OBSERVED",
            "repository": "awdawmip/enterprise-math",
            "sha256": "d57f4b17bf47a76da0ffe57db6293c970d14917a3d35467a197d01689c11dc32",
            "verification": {
              "call_id": null,
              "git_blob_sha1": "38386c3e1fffe408a658672099e32c274619256c",
              "immutable_url": "https://github.com/awdawmip/enterprise-math/blob/dbbe3da5f02901671c19f2a2bffc7049c8c6c2e3/research_artifacts/R005_Q78553_CATALOGUE_050E43_20260910/pilot/independent-validation.json",
              "kind": "OBSERVED_CONNECTOR_STRUCTURE_AND_BYTES_VERIFIED",
              "network_request_by_this_tool": false,
              "observation_id": "local-r005q53-c02-source-2-050E43",
              "server_signature_authenticated": false,
              "tool_name": "github_fetch_file"
            },
            "verification_receipt": "research_activity_records/RA-0DA1C30C5794D50A34B7F18B/readbacks/123ec3ea1db43a7d72e853673fb2591f11e7976f7e575cc60ce29b5eb2b89125.json",
            "verification_receipt_sha256": "123ec3ea1db43a7d72e853673fb2591f11e7976f7e575cc60ce29b5eb2b89125"
          }
        ],
        "event_id": "R005Q53-PILOT-FIRST-TRILLION-20260909",
        "kb_sources": [],
        "repairs_event_id": null,
        "state": "EM_REPRESENTED"
      },
      {
        "em_sources": [
          {
            "commit": "002bf990429c483c5061f8909e3e82299494c910",
            "path": "research_result_records/RS-R005-Q78553-EXACT-916-GAP-CATALOG-SEAM-CLOSURE/RR-4C604AB2F135EDA932CB.json",
            "publication_state": "EM_SOURCE_OBSERVED",
            "repository": "awdawmip/enterprise-math",
            "sha256": "f8114a88ec3566fab477ea7c093ae35dec00fa53148d5f7a41c4de07cdcd5eec",
            "verification": {
              "call_id": null,
              "git_blob_sha1": "dada488146abf7d728eedc2c6bf3e882e5ff888e",
              "immutable_url": "https://github.com/awdawmip/enterprise-math/blob/002bf990429c483c5061f8909e3e82299494c910/research_result_records/RS-R005-Q78553-EXACT-916-GAP-CATALOG-SEAM-CLOSURE/RR-4C604AB2F135EDA932CB.json",
              "kind": "OBSERVED_CONNECTOR_STRUCTURE_AND_BYTES_VERIFIED",
              "network_request_by_this_tool": false,
              "observation_id": "local-r005q53-final-source-0-050E43",
              "server_signature_authenticated": false,
              "tool_name": "github_fetch_file"
            },
            "verification_receipt": "research_activity_records/RA-0DA1C30C5794D50A34B7F18B/readbacks/faa60cb7c65113ce09d803c1da4a693c9b516a8b817d9bc016df00878518781f.json",
            "verification_receipt_sha256": "faa60cb7c65113ce09d803c1da4a693c9b516a8b817d9bc016df00878518781f"
          },
          {
            "commit": "002bf990429c483c5061f8909e3e82299494c910",
            "path": "research_artifacts/R005_Q78553_CATALOGUE_050E43_20260910/HANDOFF.md",
            "publication_state": "EM_SOURCE_OBSERVED",
            "repository": "awdawmip/enterprise-math",
            "sha256": "7d4fe865644b78f44cb4fbaff3acb5a6f176c5b5e3f3488ff9d904674648a166",
            "verification": {
              "call_id": null,
              "git_blob_sha1": "7a0f634612c9d9465b46dedd45064d807ab00d25",
              "immutable_url": "https://github.com/awdawmip/enterprise-math/blob/002bf990429c483c5061f8909e3e82299494c910/research_artifacts/R005_Q78553_CATALOGUE_050E43_20260910/HANDOFF.md",
              "kind": "OBSERVED_CONNECTOR_STRUCTURE_AND_BYTES_VERIFIED",
              "network_request_by_this_tool": false,
              "observation_id": "local-r005q53-final-source-1-050E43",
              "server_signature_authenticated": false,
              "tool_name": "github_fetch_file"
            },
            "verification_receipt": "research_activity_records/RA-0DA1C30C5794D50A34B7F18B/readbacks/44aa03786eafcc605b6b61341f5361ea1b8d08ee1b17ff2f16dc395b99f8831f.json",
            "verification_receipt_sha256": "44aa03786eafcc605b6b61341f5361ea1b8d08ee1b17ff2f16dc395b99f8831f"
          },
          {
            "commit": "2b73da21eac990abfd28593de1b552a4c3525f98",
            "path": "research_returns/RS-R005-Q78553-EXACT-916-GAP-CATALOG-SEAM-CLOSURE_050E43_20260910.md",
            "publication_state": "EM_SOURCE_OBSERVED",
            "repository": "awdawmip/enterprise-math",
            "sha256": "fb41c70d27bf1054bddcc26cc0b2fa52e4e97f4618f0143723161013a417c3a5",
            "verification": {
              "call_id": null,
              "git_blob_sha1": "f1dea058fdb8dc317de3d796e3fcae30d605af35",
              "immutable_url": "https://github.com/awdawmip/enterprise-math/blob/2b73da21eac990abfd28593de1b552a4c3525f98/research_returns/RS-R005-Q78553-EXACT-916-GAP-CATALOG-SEAM-CLOSURE_050E43_20260910.md",
              "kind": "OBSERVED_CONNECTOR_STRUCTURE_AND_BYTES_VERIFIED",
              "network_request_by_this_tool": false,
              "observation_id": "local-r005q53-final-source-2-050E43",
              "server_signature_authenticated": false,
              "tool_name": "github_fetch_file"
            },
            "verification_receipt": "research_activity_records/RA-0DA1C30C5794D50A34B7F18B/readbacks/ff511ac4396e9ef4169eb6a9021ff38935404e7c98a32f8ad3983ca5f8d50eca.json",
            "verification_receipt_sha256": "ff511ac4396e9ef4169eb6a9021ff38935404e7c98a32f8ad3983ca5f8d50eca"
          },
          {
            "commit": "2b73da21eac990abfd28593de1b552a4c3525f98",
            "path": "research_artifacts/R005_Q78553_CATALOGUE_050E43_20260910/construction_audit.json",
            "publication_state": "EM_SOURCE_OBSERVED",
            "repository": "awdawmip/enterprise-math",
            "sha256": "66674175f3e75ce125aa08b9aa156c7c7bfa1d28d7e3ed8cbe4edab2fafadf09",
            "verification": {
              "call_id": null,
              "git_blob_sha1": "9a189cd00faca51b7da90680c2169b47e69a96a1",
              "immutable_url": "https://github.com/awdawmip/enterprise-math/blob/2b73da21eac990abfd28593de1b552a4c3525f98/research_artifacts/R005_Q78553_CATALOGUE_050E43_20260910/construction_audit.json",
              "kind": "OBSERVED_CONNECTOR_STRUCTURE_AND_BYTES_VERIFIED",
              "network_request_by_this_tool": false,
              "observation_id": "local-r005q53-final-source-3-050E43",
              "server_signature_authenticated": false,
              "tool_name": "github_fetch_file"
            },
            "verification_receipt": "research_activity_records/RA-0DA1C30C5794D50A34B7F18B/readbacks/85b928c3f2d512de224afc131eaca8002f6b9de4f2c8283d14ea394c5c91c420.json",
            "verification_receipt_sha256": "85b928c3f2d512de224afc131eaca8002f6b9de4f2c8283d14ea394c5c91c420"
          },
          {
            "commit": "2b73da21eac990abfd28593de1b552a4c3525f98",
            "path": "research_artifacts/R005_Q78553_CATALOGUE_050E43_20260910/catalogue.json",
            "publication_state": "EM_SOURCE_OBSERVED",
            "repository": "awdawmip/enterprise-math",
            "sha256": "6b5334b119d911c1ee805774833e49823bae0dc910c51165d7d8e102bc2c1e37",
            "verification": {
              "call_id": null,
              "git_blob_sha1": "2312657ee9a40cc00bbee3182a5b3157ec2d6b75",
              "immutable_url": "https://github.com/awdawmip/enterprise-math/blob/2b73da21eac990abfd28593de1b552a4c3525f98/research_artifacts/R005_Q78553_CATALOGUE_050E43_20260910/catalogue.json",
              "kind": "OBSERVED_CONNECTOR_STRUCTURE_AND_BYTES_VERIFIED",
              "network_request_by_this_tool": false,
              "observation_id": "local-r005q53-final-source-4-050E43",
              "server_signature_authenticated": false,
              "tool_name": "github_fetch_file"
            },
            "verification_receipt": "research_activity_records/RA-0DA1C30C5794D50A34B7F18B/readbacks/e71bb63406f705eeb9b0227938fcdf1c96108139c8230b31bdd17b6140f1f0d6.json",
            "verification_receipt_sha256": "e71bb63406f705eeb9b0227938fcdf1c96108139c8230b31bdd17b6140f1f0d6"
          }
        ],
        "event_id": "R005Q53-SEAM-CLOSED-20260909",
        "kb_sources": [],
        "repairs_event_id": null,
        "state": "EM_REPRESENTED"
      }
    ],
    "mode": "TASK_RESEARCH",
    "recorded_at": "2026-09-09T17:53:13.247594+00:00",
    "registration_key": "session:em-local-r005q53-6d6d70dfbca44080a3b3c52398c39dc8:TASK_RESEARCH",
    "registration_origin": {
      "kind": "LIVE_SESSION",
      "source_tracking_key": null
    },
    "researcher_id": "EM-R005Q53-050E43",
    "schema": "ENTERPRISE_MATH_RESEARCH_ACTIVITY_V1",
    "session_id": "em-local-r005q53-6d6d70dfbca44080a3b3c52398c39dc8",
    "session_state": "KNOWN"
  },
  "record_path": "research_activity_records/RA-0DA1C30C5794D50A34B7F18B.json",
  "record_sha256": "d8c112f12c565d1142e5befbd49da4154fe983dfc4e829fda0d9b1098d1f7030",
  "required_action": "PUBLISH_ACTIVITY_RECORD_WITH_CAS_AND_VERIFY_IMMUTABLE_EM_READBACK"
}
