golden 1/2 34023 59551 0.571325
golden 3/4 42842 133748 0.320319
golden 1 47491 237609 0.19987
golden 5/4 50474 371036 0.136035
golden 3/2 52655 534225 0.098563
golden 2 55412 949326 0.05837
golden 3 58507 2135727 0.027394
rank 1/2 5816 52642 0.110482
rank 3/4 10010 118026 0.084812
rank 1 14634 209580 0.069825
rank 5/4 19211 327433 0.058672
rank 3/2 23952 471254 0.050826
rank 2 32176 837311 0.038428
rank 3 44829 1882845 0.023809
zero 1/2 129 129 1.0
zero 3/4 193 193 1.0
zero 1 257 257 1.0
zero 5/4 321 321 1.0
zero 3/2 385 385 1.0
zero 2 512 513 0.998051
zero 3 767 769 0.997399
