test_all_feasible_multiplication_pairs_2_to_127 (test_multiplication_lab.MultiplicationLabTests.test_all_feasible_multiplication_pairs_2_to_127) ... ok
test_conservation_of_identity_counts (test_multiplication_lab.MultiplicationLabTests.test_conservation_of_identity_counts) ... ok
test_declared_hex_product (test_multiplication_lab.MultiplicationLabTests.test_declared_hex_product) ... ok
test_factorization_all_65536_integers (test_multiplication_lab.MultiplicationLabTests.test_factorization_all_65536_integers) ... ok
test_gallery_embeds_preview_without_network (test_multiplication_lab.MultiplicationLabTests.test_gallery_embeds_preview_without_network) ... ok
test_generated_html_reproducible_and_offline (test_multiplication_lab.MultiplicationLabTests.test_generated_html_reproducible_and_offline) ... ok
test_golden_integer_formula_against_decimal (test_multiplication_lab.MultiplicationLabTests.test_golden_integer_formula_against_decimal) ... ok
test_invalid_count (test_multiplication_lab.MultiplicationLabTests.test_invalid_count) ... ok
test_invalid_phases (test_multiplication_lab.MultiplicationLabTests.test_invalid_phases) ... ok
test_invalid_scale_and_multiplier (test_multiplication_lab.MultiplicationLabTests.test_invalid_scale_and_multiplier) ... ok
test_no_implicit_native_upgrade (test_multiplication_lab.MultiplicationLabTests.test_no_implicit_native_upgrade) ... ok
test_override_effect_is_exact_valuation_multiple (test_multiplication_lab.MultiplicationLabTests.test_override_effect_is_exact_valuation_multiple) ... ok
test_override_key_must_be_integer (test_multiplication_lab.MultiplicationLabTests.test_override_key_must_be_integer) ... ok
test_payload_no_mutation_of_source (test_multiplication_lab.MultiplicationLabTests.test_payload_no_mutation_of_source) ... ok
test_radix_four_true_and_two_false (test_multiplication_lab.MultiplicationLabTests.test_radix_four_true_and_two_false) ... ok
test_round_cell_centers (test_multiplication_lab.MultiplicationLabTests.test_round_cell_centers) ... ok
test_source_demo_fingerprint_is_released_baseline (test_multiplication_lab.MultiplicationLabTests.test_source_demo_fingerprint_is_released_baseline) ... ok
test_zero_phase_not_uniform (test_multiplication_lab.MultiplicationLabTests.test_zero_phase_not_uniform) ... ok

----------------------------------------------------------------------
Ran 18 tests in 1.454s

OK
