 phase filter n=1 t=7.8138e-05
 phase release n=1 t=0.000153597
 phase metrics n=1 t=0.000229966
 phase d1 n=1 local=1 t=0.00154694
 phase d2 n=1 t=0.00155957
analyzed n=1 valid=1 local=1 sec=0.00156361
generated n=2 total=1 sec=1.2366e-05
 phase filter n=2 t=4.814e-06
 phase release n=2 t=7.401e-06
 phase metrics n=2 t=1.0806e-05
 phase d1 n=2 local=1 t=0.000161084
 phase d2 n=2 t=0.000167793
analyzed n=2 valid=1 local=1 sec=0.000169707
generated n=3 total=3 sec=1.4839e-05
 phase filter n=3 t=8.78e-06
 phase release n=3 t=1.1403e-05
 phase metrics n=3 t=1.5392e-05
 phase d1 n=3 local=1 t=0.000191553
 phase d2 n=3 t=0.00019843
analyzed n=3 valid=3 local=1 sec=0.000200919
generated n=4 total=7 sec=3.6907e-05
 phase filter n=4 t=1.9876e-05
 phase release n=4 t=2.2384e-05
 phase metrics n=4 t=2.7945e-05
 phase d1 n=4 local=1 t=0.000133007
 phase d2 n=4 t=0.000143895
analyzed n=4 valid=7 local=1 sec=0.00023678
generated n=5 total=22 sec=0.00010331
 phase filter n=5 t=0.000113974
 phase release n=5 t=0.000116932
 phase metrics n=5 t=0.000134129
 phase d1 n=5 local=1 t=0.000995554
 phase d2 n=5 t=0.00100904
analyzed n=5 valid=22 local=1 sec=0.00101405
generated n=6 total=82 sec=0.000512596
 phase filter n=6 t=0.000336738
 phase release n=6 t=0.00034011
 phase metrics n=6 t=0.000379524
 phase d1 n=6 local=3 t=0.00216176
 phase d2 n=6 t=0.00218572
analyzed n=6 valid=81 local=3 sec=0.00219553
generated n=7 total=333 sec=0.00504153
 phase filter n=7 t=0.00111758
 phase release n=7 t=0.00112085
 phase metrics n=7 t=0.00129745
 phase d1 n=7 local=3 t=0.0101788
 phase d2 n=7 t=0.0102016
analyzed n=7 valid=331 local=3 sec=0.0102355
generated n=8 total=1448 sec=0.0255016
 phase filter n=8 t=0.00567893
 phase release n=8 t=0.00568608
 phase metrics n=8 t=0.00661566
 phase d1 n=8 local=4 t=0.0665945
 phase d2 n=8 t=0.0666996
analyzed n=8 valid=1435 local=4 sec=0.0668786
generated n=9 total=6572 sec=0.075681
 phase filter n=9 t=0.0343302
 phase release n=9 t=0.0343438
 phase metrics n=9 t=0.0389163
 phase d1 n=9 local=5 t=0.257991
 phase d2 n=9 t=0.258076
analyzed n=9 valid=6505 local=5 sec=0.25873
generated n=10 total=30490 sec=0.288343
 phase filter n=10 t=0.18536
 phase release n=10 t=0.185375
 phase metrics n=10 t=0.212036
 phase d1 n=10 local=5 t=0.907338
 phase d2 n=10 t=0.907527
analyzed n=10 valid=30086 local=5 sec=0.910747
generated n=11 total=143552 sec=1.80842
 phase filter n=11 t=0.932071
 phase release n=11 t=0.932083
 phase metrics n=11 t=1.07464
 phase d1 n=11 local=6 t=4.28064
 phase d2 n=11 t=4.28113
analyzed n=11 valid=141229 local=6 sec=4.30078
generated n=12 total=683101 sec=9.45782
 phase filter n=12 t=4.94194
 phase release n=12 t=5.02101
 phase metrics n=12 t=5.82817
