 phase filter 5.0663e-05
 phase metrics 0.000135257
 phase d1 locals=1 t=0.000802649
 phase d2 t=0.000813122
 phase basins t=0.000817517
analyzed n=1 valid=1 local=1 sec=0.000819897
generated n=2 total=1 sec=1.4759e-05
 phase filter 5.213e-06
 phase metrics 9.378e-06
 phase d1 locals=1 t=0.000154105
 phase d2 t=0.00016125
 phase basins t=0.00016424
analyzed n=2 valid=1 local=1 sec=0.000166215
generated n=3 total=3 sec=1.7567e-05
 phase filter 9.615e-06
 phase metrics 1.4622e-05
 phase d1 locals=1 t=3.5592e-05
 phase d2 t=4.2567e-05
 phase basins t=4.6234e-05
analyzed n=3 valid=3 local=1 sec=4.8079e-05
generated n=4 total=7 sec=4.5522e-05
 phase filter 2.3554e-05
 phase metrics 3.0449e-05
 phase d1 locals=1 t=7.9814e-05
 phase d2 t=8.834e-05
 phase basins t=9.2479e-05
analyzed n=4 valid=7 local=1 sec=9.4462e-05
generated n=5 total=22 sec=0.000164083
 phase filter 9.0656e-05
 phase metrics 0.000113083
 phase d1 locals=1 t=0.000476252
 phase d2 t=0.000489794
 phase basins t=0.000495802
analyzed n=5 valid=22 local=1 sec=0.000497813
generated n=6 total=82 sec=0.000473778
 phase filter 0.000319053
 phase metrics 0.000402547
 phase d1 locals=3 t=0.00122618
 phase d2 t=0.00125359
 phase basins t=0.00126595
analyzed n=6 valid=81 local=3 sec=0.00126806
generated n=7 total=333 sec=0.00224895
 phase filter 0.00137982
 phase metrics 0.00171975
 phase d1 locals=3 t=0.00607552
 phase d2 t=0.0061043
 phase basins t=0.00616542
analyzed n=7 valid=331 local=3 sec=0.00616765
generated n=8 total=1448 sec=0.0129298
 phase filter 0.00555397
 phase metrics 0.0068437
 phase d1 locals=4 t=0.0310085
 phase d2 t=0.0310893
 phase basins t=0.0312205
analyzed n=8 valid=1435 local=4 sec=0.0312226
generated n=9 total=6572 sec=0.0591859
 phase filter 0.0477874
 phase metrics 0.0560422
 phase d1 locals=5 t=0.149613
 phase d2 t=0.149721
 phase basins t=0.150391
analyzed n=9 valid=6505 local=5 sec=0.150393
generated n=10 total=30490 sec=0.285243
 phase filter 0.187981
 phase metrics 0.227448
 phase d1 locals=5 t=0.45351
 phase d2 t=0.45376
 phase basins t=0.457704
analyzed n=10 valid=30086 local=5 sec=0.457709
generated n=11 total=143552 sec=1.62531
 phase filter 0.917227
 phase metrics 1.16153
 phase d1 locals=6 t=2.31399
 phase d2 t=2.31463
 phase basins t=2.33096
analyzed n=11 valid=141229 local=6 sec=2.33097
generated n=12 total=683101 sec=9.15005
 phase filter 5.17579
 phase metrics 6.53268
