19 D1 T0_CANONICAL_MIN HEX_SHELL_GROWTH 0 912
19 D1 T1_CANONICAL_MAX HEX_SHELL_GROWTH 0 912
19 D1 T2_ORIENTATION_MOVE_LEX HEX_SHELL_GROWTH 0 912
19 D1 T0_CANONICAL_MIN ELONGATED_STRIP 78 1071
19 D1 T1_CANONICAL_MAX ELONGATED_STRIP 77 1069
19 D1 T2_ORIENTATION_MOVE_LEX ELONGATED_STRIP 77 1069
19 D1 T0_CANONICAL_MIN SIX_ARM_STAR 12 948
19 D1 T1_CANONICAL_MAX SIX_ARM_STAR 12 948
19 D1 T2_ORIENTATION_MOVE_LEX SIX_ARM_STAR 12 948
19 D1 T0_CANONICAL_MIN L_SHAPE_OR_WEDGE 42 956
19 D1 T1_CANONICAL_MAX L_SHAPE_OR_WEDGE 42 956
19 D1 T2_ORIENTATION_MOVE_LEX L_SHAPE_OR_WEDGE 41 1023
19 D1 T0_CANONICAL_MIN EDEN_SEEDED_seed_550001 8 1026
19 D1 T1_CANONICAL_MAX EDEN_SEEDED_seed_550001 8 1026
19 D1 T2_ORIENTATION_MOVE_LEX EDEN_SEEDED_seed_550001 8 1026
19 D1 T0_CANONICAL_MIN EDEN_SEEDED_seed_550021 15 999
19 D1 T1_CANONICAL_MAX EDEN_SEEDED_seed_550021 15 999
19 D1 T2_ORIENTATION_MOVE_LEX EDEN_SEEDED_seed_550021 15 999
19 D1 T0_CANONICAL_MIN EDEN_SEEDED_seed_550057 25 1035
19 D1 T1_CANONICAL_MAX EDEN_SEEDED_seed_550057 25 1035
19 D1 T2_ORIENTATION_MOVE_LEX EDEN_SEEDED_seed_550057 25 1035
19 D1 T0_CANONICAL_MIN COMPACT_BFS_ALT_TIE 0 912
19 D1 T1_CANONICAL_MAX COMPACT_BFS_ALT_TIE 0 912
19 D1 T2_ORIENTATION_MOVE_LEX COMPACT_BFS_ALT_TIE 0 912
19 D2 init HEX_SHELL_GROWTH 0 912
19 D2 init ELONGATED_STRIP 14 912
19 D2 init SIX_ARM_STAR 6 912
19 D2 init L_SHAPE_OR_WEDGE 12 912
19 D2 init EDEN_SEEDED_seed_550001 5 912
19 D2 init EDEN_SEEDED_seed_550021 7 912
19 D2 init EDEN_SEEDED_seed_550057 8 912
19 D2 init COMPACT_BFS_ALT_TIE 0 912
19 D2 d1term HEX_SHELL_GROWTH 0 912
19 D2 d1term ELONGATED_STRIP 3 912
19 D2 d1term SIX_ARM_STAR 1 912
19 D2 d1term L_SHAPE_OR_WEDGE 1 912
19 D2 d1term EDEN_SEEDED_seed_550001 3 912
19 D2 d1term EDEN_SEEDED_seed_550021 2 912
19 D2 d1term EDEN_SEEDED_seed_550057 4 912
19 D2 d1term COMPACT_BFS_ALT_TIE 0 912
