{
  "review": {
    "record_schema": "ENTERPRISE_MATH_RESEARCH_RESULT_REVIEW_V1",
    "review_id": "DR-FE4AE58014E40219CADA",
    "result_id": "RR-4C604AB2F135EDA932CB",
    "result_record_path": "research_result_records/RS-R005-Q78553-EXACT-916-GAP-CATALOG-SEAM-CLOSURE/RR-4C604AB2F135EDA932CB.json",
    "result_record_sha256": "sha256:f8114a88ec3566fab477ea7c093ae35dec00fa53148d5f7a41c4de07cdcd5eec",
    "task_id": "RS-R005-Q78553-EXACT-916-GAP-CATALOG-SEAM-CLOSURE",
    "publication_id": "TP2-09D6ECE7F315F0766FE1",
    "execution_record_id": "ER-8ABFD24CCC477A03ED13",
    "driver_id": "EM-DVR-81273A",
    "review_path": "driver_reviews/R005_Q78553_SEAM_REVIEW_81273A_20260910/REVIEW.md",
    "review_blob_sha1": "sha1:61b706a3507419633046dc3b6e24a4824a170ac6",
    "review_sha256": "sha256:26023b80717f6dc66aa96d46672281b691036943eca4bb14ef07f03a7445d60a",
    "reviewed_at": "2026-09-09T20:56:26.641764+00:00",
    "disposition": "ACCEPTED",
    "destination_class": "NONE",
    "destination_ref_or_none": "",
    "terminal": true,
    "driver_authority_record_id": "DA-80BDA97466C306DAD3C3",
    "driver_authority_source_comment_id": 5605970384,
    "record_path": "research_result_reviews/RR-4C604AB2F135EDA932CB/DR-FE4AE58014E40219CADA.json"
  },
  "followup": {
    "schema": "ENTERPRISE_MATH_DRIVER_REVIEW_FOLLOWUP_V1",
    "policy": "AUTO_PUBLISH_TASKSET_OR_PARENT_CLOSE_V1",
    "packet_id": "DFU-5A5D77BA55AACF022526",
    "review_id": "DR-FE4AE58014E40219CADA",
    "result_id": "RR-4C604AB2F135EDA932CB",
    "task_id": "RS-R005-Q78553-EXACT-916-GAP-CATALOG-SEAM-CLOSURE",
    "source_publication_id": "TP2-09D6ECE7F315F0766FE1",
    "driver_id": "EM-DVR-81273A",
    "review_disposition": "ACCEPTED",
    "review_destination_class": "NONE",
    "parent_objective_id": "OBJ-R005-PRIME-ALGORITHM-LAB-RELAY-20260909",
    "source_next_control_plane_recommendation": "Restore the same EM-DVR-81273A for ordinary exact-source review of the complete catalogue, 4000-block coverage, four independent prime counts, raw archive roundtrip, independent factor certificates and accepted scanner. Any frontier admission, parent closure or later q is a separate Driver/Owner decision.",
    "decision": "TASK_SCOPE_CLOSURE_PORTFOLIO_CONTINUATION",
    "gate_decisions": [
      {
        "gate": "MATHEMATICAL_CONTINUATION",
        "decision": "SATISFIED_BY_EXISTING_CONTROL_ASSET",
        "reason": "The frozen q78553 seam hard target is satisfied. The existing terminal Driver/frontier/route publication covers the immediate relay follow-up. No next q or duplicate catalogue task is published; both mathematical parents remain open.",
        "evidence_refs": [
          "research_task_records/GV-R005-Q78553-SEAM-CLOSURE-REVIEW-AND-ROUTE/TP2-D43B87B08CE6E6D3FD41.json",
          "driver_reviews/R005_Q78553_SEAM_REVIEW_81273A_20260910/REVIEW.md"
        ]
      },
      {
        "gate": "LEAN_FORMALIZATION",
        "decision": "NOT_REQUIRED",
        "reason": "This is the taskbook's finite computational catalogue and exact endpoint certification, not L4/formal compiler or hardware verification. The accepted DSI theorem is unchanged.",
        "evidence_refs": [
          "driver_reviews/R005_Q78553_SEAM_REVIEW_81273A_20260910/REVIEW.md",
          "research_artifacts/R005_Q78553_CATALOGUE_050E43_20260910/COMPLETENESS_CERTIFICATE.md"
        ]
      },
      {
        "gate": "EXTERNAL_PRIOR_ART_DUPLICATION",
        "decision": "SATISFIED_BY_REVIEWED_RESULT",
        "reason": "Actual task-specific searches and directly read primary sources separate first-occurrence/count antecedents from this local catalogue and classify the sieve as existing reused machinery. No novelty claim is made.",
        "evidence_refs": [
          "driver_reviews/R005_Q78553_SEAM_REVIEW_81273A_20260910/prior_art_review.json",
          "https://sweet.ua.pt/tos/primes.html",
          "https://cs.uwaterloo.ca/journals/JIS/VOL6/Nicely/nicely2.html"
        ]
      },
      {
        "gate": "INDEPENDENT_REPLICATION",
        "decision": "SATISFIED_BY_REVIEWED_RESULT",
        "reason": "The non-author Driver independently recomputed all frozen block/bridge observers, redownloaded the count reference, rebuilt a standard-library basis, checked all endpoint/interior certificates, checked installed distributions and bounded adapter cases, and reproduced the scanner output exactly. Shared nonblind context and the absence of a second whole-run enumeration are explicit.",
        "evidence_refs": [
          "driver_reviews/R005_Q78553_SEAM_REVIEW_81273A_20260910/checks/independent-frozen-evidence.json",
          "driver_reviews/R005_Q78553_SEAM_REVIEW_81273A_20260910/checks/bounded-adapter-review.json",
          "driver_reviews/R005_Q78553_SEAM_REVIEW_81273A_20260910/checks/accepted_scanner.run.json"
        ]
      },
      {
        "gate": "INTEGRATION_OR_TOOL_HARVEST",
        "decision": "SATISFIED_BY_REVIEWED_RESULT",
        "reason": "The original final worker closeout and all 105 mathematical outputs are integrated unchanged, with the missing scanner-result path repaired using its existing immutable stdout blob. The task-specific certificate and review adapters remain RESULT_ONLY; no new family or promotion.",
        "evidence_refs": [
          "driver_reviews/R005_Q78553_SEAM_REVIEW_81273A_20260910/return_main_intake_receipt.json",
          "driver_reviews/R005_Q78553_SEAM_REVIEW_81273A_20260910/scanner_result_delivery_supplement.json",
          "driver_reviews/R005_Q78553_SEAM_REVIEW_81273A_20260910/reuse_and_brc_review.json"
        ]
      },
      {
        "gate": "ADVERSARIAL_AUDIT",
        "decision": "SATISFIED_BY_REVIEWED_RESULT",
        "reason": "Exact block-set, overlap, duplicate, threshold, boundary, prime-count convention and max-gap checks pass. The known nonempty 916 bridge and four rejected corrupt partition variants exercise omissions that could invalidate an empty catalogue.",
        "evidence_refs": [
          "driver_reviews/R005_Q78553_SEAM_REVIEW_81273A_20260910/checks/bounded-adapter-review.json",
          "driver_reviews/R005_Q78553_SEAM_REVIEW_81273A_20260910/checks/independent-frozen-evidence.json",
          "driver_reviews/R005_Q78553_SEAM_REVIEW_81273A_20260910/REVIEW.md"
        ]
      }
    ],
    "task_publications": [],
    "created_at": "2026-09-09T20:56:38.417106+00:00",
    "working_truth_granted": false,
    "foundation_authority_granted": false,
    "canonical_promotion_granted": false,
    "terminal_scope": "TASK",
    "portfolio_continuation": {
      "source_result_id": "RR-4C604AB2F135EDA932CB",
      "parent_objective_id": "OBJ-R005-PRIME-ALGORITHM-LAB-RELAY-20260909",
      "action": "REEVALUATE_CANONICAL_PORTFOLIO",
      "dispatcher": "research_control_dispatch.py",
      "next_action": "Consume the accepted exact q78553 Research Task, preserve the original and relay parents, freeze the justified endpoint 2826122804521, and run the current canonical portfolio/line reevaluation. Use the existing terminal Driver/frontier/route obligation and report this bounded completion to the Owner; do not auto-create a successor, next-q claim, duplicate catalogue run or parent closure.",
      "remaining_parent_scope": [
        "Both original OBJ-R005-PRIME-ALGORITHM-LAB and relay OBJ-R005-PRIME-ALGORITHM-LAB-RELAY-20260909 remain open and retain distinct responsibilities.",
        "The global prime-algorithm/p=2 objective and any future q/frontier remain outside this completed exact seam task; an explicitly justified new decision is required before such execution."
      ],
      "evidence_refs": [
        "driver_reviews/R005_Q78553_SEAM_REVIEW_81273A_20260910/REVIEW.md",
        "research_task_records/GV-R005-Q78553-SEAM-CLOSURE-REVIEW-AND-ROUTE/TP2-D43B87B08CE6E6D3FD41.json",
        "research_task_records/GV-R005-PRIME-ALGORITHM-LAB-PERSISTENT-LINE-DRIVER/TP2-291A3B7B1EB6C763F71E.json",
        "research_result_records/RS-R005-Q78553-EXACT-916-GAP-CATALOG-SEAM-CLOSURE/RR-4C604AB2F135EDA932CB.json"
      ]
    },
    "source_result_record_path": "research_result_records/RS-R005-Q78553-EXACT-916-GAP-CATALOG-SEAM-CLOSURE/RR-4C604AB2F135EDA932CB.json",
    "source_result_record_sha256": "sha256:f8114a88ec3566fab477ea7c093ae35dec00fa53148d5f7a41c4de07cdcd5eec",
    "parent_status_at_materialization": "ABSENT_NOT_CLOSED",
    "parent_completion_granted": false,
    "parent_final_granted": false,
    "record_path": "research_driver_followups/DR-FE4AE58014E40219CADA/DFU-5A5D77BA55AACF022526.json"
  },
  "followup_spec_path": "driver_reviews/R005_Q78553_SEAM_REVIEW_81273A_20260910/formal_followup_spec.json"
}
